// Vitest Snapshot v1, https://vitest.dev/guide/snapshot.html

exports[`A-011 local zh-CN templates match every specified fixture 1`] = `
{
  "all critical explanations remain visible": {
    "attention": "需要注意：输入内容无法可靠解析，这一步已停止。 动作完整性检查失败，这一步已停止。 执行前的必要检查没有完成，这一步已停止。 这一步可能改动 AgentGlass 的安全控制，当前版本不允许。 当前版本不支持这类操作。你可以返回对话，选择一个普通项目文件任务。 目标可能包含敏感信息，当前版本已阻止这一步。你可以返回对话，选择不涉及敏感信息的普通项目文件。 目标位于当前项目之外，当前版本已阻止这一步。请返回对话，选择当前项目内的普通文件。 无法可靠确认目标位置或文件类型，当前版本已阻止这一步。请返回对话，明确指定一份普通项目文件。 无法确认这一步具体会产生什么变化。 无法确认这一步会影响哪些位置或内容。 无法确认是否还会创建上级文件夹。 AgentGlass 只能说明计划中的文件动作，无法确认它是否能完成你的实际目标。",
    "details": [
      "位置：critical.txt 位于当前项目之外。",
      "用途：无法确认这份目标在项目中的具体用途。",
      "修改前证据：未观察到适用的快照。",
    ],
    "expectedOutcome": "原计划：无法可靠说明这一步会改变什么。",
    "recovery": "恢复：这一步已被阻止，没有生成可用于恢复的修改前快照。",
    "title": "已停止：这一步没有获得执行许可",
  },
  "approval UI unavailable": {
    "attention": "需要注意：原内容可能丢失；请只在你接受这个结果时继续。 这一步需要你的明确确认，但当前模式无法显示审批界面。请回到有交互按钮的 Pi 窗口再试。 AgentGlass 只能说明计划中的文件动作，无法确认它是否能完成你的实际目标。",
    "details": [
      "位置：当前项目内的 活动说明.txt。",
      "用途：无法确认这份目标在项目中的具体用途。",
      "修改前证据：已保存；执行前目标文件存在；已记录原权限。",
    ],
    "expectedOutcome": "预计结果：活动说明.txt 中选定的内容会被替换。",
    "recovery": "恢复：已保存修改前副本；完成后会检查是否能恢复这一次修改。",
    "title": "已停止：这一步没有获得执行许可",
  },
  "control-obscured synthetic secret": {
    "attention": "需要注意：这一步只查看已确认的普通项目文件，不会修改它。 AgentGlass 只能说明计划中的文件动作，无法确认它是否能完成你的实际目标。",
    "details": [
      "位置：当前项目内的 [REDACTED]。",
      "用途：无法确认这份目标在项目中的具体用途。",
      "修改前证据：未观察到适用的快照。",
    ],
    "expectedOutcome": "预计结果：会尝试查看 [REDACTED]，不会修改它。",
    "recovery": "恢复：这一步不会修改文件，因此没有生成修改前快照。",
    "title": "正在查看：[REDACTED]",
  },
  "huge label": {
    "attention": "需要注意：这一步只查看已确认的普通项目文件，不会修改它。 AgentGlass 只能说明计划中的文件动作，无法确认它是否能完成你的实际目标。",
    "details": [
      "位置：当前项目内的 很长很长很长很长很长很长很长很长很长很长很长很长很长很长很长很长很长很长很长很长很长很长很长很长很长很长很长很长很长很长很长很长很长很长很长很长很长很长很长很长很长很长很长很长很长很长很长很长很长很长很长很长很长很长很长很长很长很长很长很…。",
      "用途：无法确认这份目标在项目中的具体用途。",
      "修改前证据：未观察到适用的快照。",
    ],
    "expectedOutcome": "预计结果：会尝试查看 很长很长很长很长很长很长很长很长很长很长很长很长很长很长很长很长很长很长很长很长很长很长很长很长很长很长很长很长很长很长很长很长很长很长很长很长很长很长很长很长很长很长很长很长很长很长很长很长很长很长很长很长很长很长很长很长很长很长很长很…，不会修改它。",
    "recovery": "恢复：这一步不会修改文件，因此没有生成修改前快照。",
    "title": "正在查看：很长很长很长很长很长很长很长很长很长很长很长很长很长很长很长很长很长很长很长很长很长很长很长很长很长很长很长很长很长很长很长很长很长很长很长很长很长很长很长很长很长很长很长很长很长很长很长很长很长很长很长很长很长很长很长很长很长很长很长很…",
  },
  "incomplete sibling context": {
    "attention": "需要注意：原内容可能丢失；请只在你接受这个结果时继续。 执行前的必要检查没有完成，这一步已停止。 无法确认同时提出的操作是否完整，必须改为一次只提出一个变更。 无法确认这一步具体会产生什么变化。 无法确认这一步会影响哪些位置或内容。 AgentGlass 只能说明计划中的文件动作，无法确认它是否能完成你的实际目标。",
    "details": [
      "位置：当前项目内的 批次.txt。",
      "用途：无法确认这份目标在项目中的具体用途。",
      "修改前证据：未观察到适用的快照。",
    ],
    "expectedOutcome": "原计划：无法可靠说明这一步会改变什么。",
    "recovery": "恢复：这一步已被阻止，没有生成可用于恢复的修改前快照。",
    "title": "已停止：这一步没有获得执行许可",
  },
  "modify with saved pre-image": {
    "attention": "需要注意：原内容可能丢失；请只在你接受这个结果时继续。 AgentGlass 只能说明计划中的文件动作，无法确认它是否能完成你的实际目标。",
    "details": [
      "位置：当前项目内的 活动说明.txt。",
      "用途：无法确认这份目标在项目中的具体用途。",
      "修改前证据：已保存；执行前目标文件存在；已记录原权限。",
    ],
    "expectedOutcome": "预计结果：活动说明.txt 中选定的内容会被替换。",
    "recovery": "恢复：已保存修改前副本；完成后会检查是否能恢复这一次修改。",
    "title": "下一步：修改 活动说明.txt",
  },
  "multiple simultaneous mutations": {
    "attention": "需要注意：原内容可能丢失；请只在你接受这个结果时继续。 这次包含多个会改变内容或影响未知的操作，必须改为一次只提出一个变更。 AgentGlass 只能说明计划中的文件动作，无法确认它是否能完成你的实际目标。",
    "details": [
      "位置：当前项目内的 批次.txt。",
      "用途：无法确认这份目标在项目中的具体用途。",
      "修改前证据：未观察到适用的快照。",
    ],
    "expectedOutcome": "预计结果：批次.txt 中选定的内容会被替换。",
    "recovery": "恢复：这一步已被阻止，没有生成可用于恢复的修改前快照。",
    "title": "已停止：这一步没有获得执行许可",
  },
  "new file with saved absence evidence": {
    "attention": "需要注意：这一步会新增文件；请确认这正是你想创建的文件。 AgentGlass 只能说明计划中的文件动作，无法确认它是否能完成你的实际目标。",
    "details": [
      "位置：当前项目内的 活动说明.txt。",
      "用途：无法确认这份目标在项目中的具体用途。",
      "修改前证据：已保存；执行前目标文件不存在；原权限记录不适用。",
    ],
    "expectedOutcome": "预计结果：会尝试在当前项目中创建 活动说明.txt。",
    "recovery": "恢复：已保存修改前副本；完成后会检查是否能恢复这一次修改。",
    "title": "下一步：创建 活动说明.txt",
  },
  "ordinary read": {
    "attention": "需要注意：这一步只查看已确认的普通项目文件，不会修改它。 AgentGlass 只能说明计划中的文件动作，无法确认它是否能完成你的实际目标。",
    "details": [
      "位置：当前项目内的 活动说明.txt。",
      "用途：无法确认这份目标在项目中的具体用途。",
      "修改前证据：未观察到适用的快照。",
    ],
    "expectedOutcome": "预计结果：会尝试查看 活动说明.txt，不会修改它。",
    "recovery": "恢复：这一步不会修改文件，因此没有生成修改前快照。",
    "title": "正在查看：活动说明.txt",
  },
  "outside-workspace target": {
    "attention": "需要注意：目标位于当前项目之外，当前版本已阻止这一步。请返回对话，选择当前项目内的普通文件。 无法可靠确认目标位置或文件类型，当前版本已阻止这一步。请返回对话，明确指定一份普通项目文件。 原内容可能丢失；请只在你接受这个结果时继续。 无法确认这一步具体会产生什么变化。 无法确认这一步会影响哪些位置或内容。 AgentGlass 只能说明计划中的文件动作，无法确认它是否能完成你的实际目标。",
    "details": [
      "位置：outside.txt 位于当前项目之外。",
      "用途：无法确认这份目标在项目中的具体用途。",
      "修改前证据：未观察到适用的快照。",
    ],
    "expectedOutcome": "原计划：无法可靠说明这一步会改变什么。",
    "recovery": "恢复：这一步已被阻止，没有生成可用于恢复的修改前快照。",
    "title": "已停止：这一步没有获得执行许可",
  },
  "overwrite with unavailable snapshot": {
    "attention": "需要注意：原内容可能丢失；请只在你接受这个结果时继续。 AgentGlass 只能说明计划中的文件动作，无法确认它是否能完成你的实际目标。",
    "details": [
      "位置：当前项目内的 活动说明.txt。",
      "用途：无法确认这份目标在项目中的具体用途。",
      "修改前证据：保存失败；没有可用的快照证据。",
    ],
    "expectedOutcome": "预计结果：活动说明.txt 的原内容会被新内容覆盖。",
    "recovery": "恢复：未能保存修改前证据；当前不能自动恢复这次修改。",
    "title": "下一步：覆盖 活动说明.txt",
  },
  "parent-directory side effect": {
    "attention": "需要注意：这一步会新增文件；请确认这正是你想创建的文件。 只能确认部分影响范围，仍可能有未列出的变化。 还会创建缺少的上级文件夹。 AgentGlass 只能说明计划中的文件动作，无法确认它是否能完成你的实际目标。",
    "details": [
      "位置：当前项目内的 活动说明.txt。",
      "用途：无法确认这份目标在项目中的具体用途。",
      "修改前证据：已保存；执行前目标文件不存在；原权限记录不适用。",
    ],
    "expectedOutcome": "预计结果：会尝试在当前项目中创建 活动说明.txt。",
    "recovery": "恢复：已保存修改前副本；完成后会检查是否能恢复这一次修改。",
    "title": "下一步：创建 活动说明.txt",
  },
  "sensitive target": {
    "attention": "需要注意：目标可能包含敏感信息，当前版本已阻止这一步。你可以返回对话，选择不涉及敏感信息的普通项目文件。 无法可靠确认目标位置或文件类型，当前版本已阻止这一步。请返回对话，明确指定一份普通项目文件。 原内容可能丢失；请只在你接受这个结果时继续。 无法确认这一步具体会产生什么变化。 无法确认这一步会影响哪些位置或内容。 AgentGlass 只能说明计划中的文件动作，无法确认它是否能完成你的实际目标。",
    "details": [
      "位置：当前项目内的 .env。",
      "用途：无法确认这份目标在项目中的具体用途。",
      "修改前证据：未观察到适用的快照。",
    ],
    "expectedOutcome": "原计划：无法可靠说明这一步会改变什么。",
    "recovery": "恢复：这一步已被阻止，没有生成可用于恢复的修改前快照。",
    "title": "已停止：这一步没有获得执行许可",
  },
  "synthetic secret in label": {
    "attention": "需要注意：这一步只查看已确认的普通项目文件，不会修改它。 AgentGlass 只能说明计划中的文件动作，无法确认它是否能完成你的实际目标。",
    "details": [
      "位置：当前项目内的 [REDACTED]。",
      "用途：无法确认这份目标在项目中的具体用途。",
      "修改前证据：未观察到适用的快照。",
    ],
    "expectedOutcome": "预计结果：会尝试查看 [REDACTED]，不会修改它。",
    "recovery": "恢复：这一步不会修改文件，因此没有生成修改前快照。",
    "title": "正在查看：[REDACTED]",
  },
  "terminal control sequence in label": {
    "attention": "需要注意：这一步只查看已确认的普通项目文件，不会修改它。 AgentGlass 只能说明计划中的文件动作，无法确认它是否能完成你的实际目标。",
    "details": [
      "位置：当前项目内的 报告.txt。",
      "用途：无法确认这份目标在项目中的具体用途。",
      "修改前证据：未观察到适用的快照。",
    ],
    "expectedOutcome": "预计结果：会尝试查看 报告.txt，不会修改它。",
    "recovery": "恢复：这一步不会修改文件，因此没有生成修改前快照。",
    "title": "正在查看：报告.txt",
  },
  "unsupported or unknown action": {
    "attention": "需要注意：当前版本不支持这类操作。你可以返回对话，选择一个普通项目文件任务。 无法可靠确认目标位置或文件类型，当前版本已阻止这一步。请返回对话，明确指定一份普通项目文件。 无法确认这一步具体会产生什么变化。 无法确认这一步会影响哪些位置或内容。 无法确认目标是否涉及敏感信息。 无法确认是否还会创建上级文件夹。 AgentGlass 只能说明计划中的文件动作，无法确认它是否能完成你的实际目标。",
    "details": [
      "位置：无法确认 未知目标 是否位于当前项目内。",
      "用途：无法确认这份目标在项目中的具体用途。",
      "修改前证据：未观察到适用的快照。",
    ],
    "expectedOutcome": "原计划：无法可靠说明这一步会改变什么。",
    "recovery": "恢复：这一步已被阻止，没有生成可用于恢复的修改前快照。",
    "title": "已停止：这一步没有获得执行许可",
  },
}
`;
